[0.004s][info][gc,init] CardTable entry size: 512
[0.004s][info][gc     ] Using G1
[0.031s][info][gc,init] Version: 21.0.2 (release)
[0.031s][info][gc,init] CPUs: 8 total, 8 available
[0.031s][info][gc,init] Memory: 16384M
[0.031s][info][gc,init] Large Page Support: Disabled
[0.031s][info][gc,init] NUMA Support: Disabled
[0.031s][info][gc,init] Compressed Oops: Disabled
[0.031s][info][gc,init] Heap Region Size: 32M
[0.031s][info][gc,init] Heap Min Capacity: 64G
[0.031s][info][gc,init] Heap Initial Capacity: 64G
[0.031s][info][gc,init] Heap Max Capacity: 64G
[0.031s][info][gc,init] Pre-touch: Disabled
[0.031s][info][gc,init] Parallel Workers: 8
[0.031s][info][gc,init] Concurrent Workers: 2
[0.031s][info][gc,init] Concurrent Refinement Workers: 8
[0.031s][info][gc,init] Periodic GC: Disabled
[0.035s][info][gc,metaspace] CDS archive(s) mapped at: [0x000000d800000000-0x000000d800ca4000-0x000000d800ca4000), size 13254656, SharedBaseAddress: 0x000000d800000000, ArchiveRelocationMode: 1.
[0.035s][info][gc,metaspace] Compressed class space mapped at: 0x000000d801000000-0x000000d841000000, reserved size: 1073741824
[0.035s][info][gc,metaspace] Narrow klass base: 0x000000d800000000, Narrow klass shift: 0, Narrow klass range: 0x100000000
[4.406s][info][gc,heap,exit] Heap
[4.406s][info][gc,heap,exit]  garbage-first heap   total 67108864K, used 1115500K [0x0000007000000000, 0x0000008000000000)
[4.406s][info][gc,heap,exit]   region size 32768K, 34 young (1114112K), 0 survivors (0K)
[4.406s][info][gc,heap,exit]  Metaspace       used 730K, committed 896K, reserved 1114112K
[4.406s][info][gc,heap,exit]   class space    used 45K, committed 128K, reserved 1048576K
